lasair_2NEEDLESLSNroycandidates
Days from 1970: 19948.608
ZTF20acxcyjb accepted 0.000 days ago, rejected 0 times
---> object ZTF24aasbqex found at 19948.610
---> object ZTF19aanvddi found at 19948.610
---> object ZTF20abfcdvg found at 19948.610
---> object ZTF21abmbzax found at 19948.610
---> object ZTF22aasowkb found at 19948.610
---> object ZTF19aayikck found at 19948.610
lasair_2NEEDLESLSNroycandidates
Days from 1970: 19948.610
ZTF20abfcdvg accepted 0.000 days ago, rejected 4 times
ZTF21abmbzax accepted 0.000 days ago, rejected 3 times
ZTF22aasowkb accepted 0.000 days ago, rejected 5 times
ZTF19aayikck accepted 0.000 days ago, rejected 1 times
ZTF24aasbqex accepted 0.000 days ago, rejected 10 times
ZTF19aanvddi accepted 0.000 days ago, rejected 6 times
ZTF20acxcyjb accepted 0.002 days ago, rejected 8 times
lasair_2NEEDLESLSNroycandidates
Days from 1970: 19948.639
ZTF20abfcdvg accepted 0.028 days ago, rejected 4 times
ZTF21abmbzax accepted 0.028 days ago, rejected 3 times
ZTF22aasowkb accepted 0.028 days ago, rejected 5 times
ZTF19aayikck accepted 0.028 days ago, rejected 1 times
ZTF24aasbqex accepted 0.028 days ago, rejected 10 times
ZTF19aanvddi accepted 0.028 days ago, rejected 6 times
ZTF20acxcyjb accepted 0.031 days ago, rejected 8 times
lasair_2NEEDLESLSNroycandidates
Days from 1970: 19948.793
ZTF20abfcdvg accepted 0.182 days ago, rejected 4 times
ZTF21abmbzax accepted 0.182 days ago, rejected 3 times
ZTF22aasowkb accepted 0.182 days ago, rejected 5 times
ZTF19aayikck accepted 0.182 days ago, rejected 1 times
ZTF24aasbqex accepted 0.182 days ago, rejected 10 times
ZTF19aanvddi accepted 0.182 days ago, rejected 6 times
ZTF20acxcyjb accepted 0.185 days ago, rejected 8 times
lasair_2NEEDLESLSNroycandidates
Days from 1970: 19949.130
ZTF20abfcdvg accepted 0.520 days ago, rejected 4 times
ZTF21abmbzax accepted 0.520 days ago, rejected 3 times
ZTF22aasowkb accepted 0.520 days ago, rejected 5 times
ZTF19aayikck accepted 0.520 days ago, rejected 1 times
ZTF24aasbqex accepted 0.520 days ago, rejected 10 times
ZTF19aanvddi accepted 0.520 days ago, rejected 6 times
ZTF20acxcyjb accepted 0.522 days ago, rejected 8 times
lasair_2NEEDLESLSNroycandidates
At 2024-08-14 10:00:12.155274
ZTF20abfcdvg accepted 0.765 days ago, rejected 4 times
ZTF21abmbzax accepted 0.765 days ago, rejected 3 times
ZTF22aasowkb accepted 0.765 days ago, rejected 5 times
ZTF19aayikck accepted 0.765 days ago, rejected 1 times
ZTF24aasbqex accepted 0.765 days ago, rejected 10 times
ZTF19aanvddi accepted 0.765 days ago, rejected 6 times
ZTF20acxcyjb accepted 0.767 days ago, rejected 8 times
lasair_2NEEDLESLSNroycandidates
At 2024-08-14 14:02:02.495384
ZTF20abfcdvg accepted 0.933 days ago, rejected 4 times
ZTF21abmbzax accepted 0.933 days ago, rejected 3 times
ZTF22aasowkb accepted 0.933 days ago, rejected 5 times
ZTF19aayikck accepted 0.933 days ago, rejected 1 times
ZTF24aasbqex accepted 0.933 days ago, rejected 10 times
ZTF19aanvddi accepted 0.933 days ago, rejected 6 times
ZTF20acxcyjb accepted 0.935 days ago, rejected 8 times
lasair_2NEEDLESLSNroycandidates
At 2024-08-14 15:11:19.832183
ZTF20abfcdvg accepted 0.981 days ago, rejected 4 times
ZTF21abmbzax accepted 0.981 days ago, rejected 3 times
ZTF22aasowkb accepted 0.981 days ago, rejected 5 times
ZTF19aayikck accepted 0.981 days ago, rejected 1 times
ZTF24aasbqex accepted 0.981 days ago, rejected 10 times
ZTF19aanvddi accepted 0.981 days ago, rejected 6 times
ZTF20acxcyjb accepted 0.983 days ago, rejected 8 times
lasair_2NEEDLESLSNroycandidates
At 2024-08-14 16:02:30.534013
ZTF20abfcdvg accepted 1.017 days ago, rejected 4 times
ZTF21abmbzax accepted 1.017 days ago, rejected 3 times
ZTF22aasowkb accepted 1.017 days ago, rejected 5 times
ZTF19aayikck accepted 1.017 days ago, rejected 1 times
ZTF24aasbqex accepted 1.017 days ago, rejected 10 times
ZTF19aanvddi accepted 1.017 days ago, rejected 6 times
ZTF20acxcyjb accepted 1.019 days ago, rejected 8 times
lasair_2NEEDLESLSNroycandidates
At 2024-08-14 16:15:53.466580
ZTF20abfcdvg accepted 1.026 days ago, rejected 4 times
ZTF21abmbzax accepted 1.026 days ago, rejected 3 times
ZTF22aasowkb accepted 1.026 days ago, rejected 5 times
ZTF19aayikck accepted 1.026 days ago, rejected 1 times
ZTF24aasbqex accepted 1.026 days ago, rejected 10 times
ZTF19aanvddi accepted 1.026 days ago, rejected 6 times
ZTF20acxcyjb accepted 1.028 days ago, rejected 8 times
lasair_2NEEDLESLSNroycandidates
At 2024-08-14 16:24:12.930588
ZTF20abfcdvg accepted 1.032 days ago, rejected 4 times
ZTF21abmbzax accepted 1.032 days ago, rejected 3 times
ZTF22aasowkb accepted 1.032 days ago, rejected 5 times
ZTF19aayikck accepted 1.032 days ago, rejected 1 times
ZTF24aasbqex accepted 1.032 days ago, rejected 10 times
ZTF19aanvddi accepted 1.032 days ago, rejected 6 times
ZTF20acxcyjb accepted 1.034 days ago, rejected 8 times
Created table
Created table
Created table
Created table
Created table
Created table
Created table
Created table
Created table
Created table
Created table
Created table
Created table
Created table
Created table
Created table
Created table
Created table
Created table
Created table
Created table
